Archive member included to satisfy reference by file (symbol)

c:/st/stm32cubeide_1.4.0/stm32cubeide/plugins/com.st.stm32cube.ide.mcu.externaltools.gnu-tools-for-stm32.7-2018-q2-update.win32_1.4.0.202007081208/tools/bin/../lib/gcc/arm-none-eabi/7.3.1/../../../../arm-none-eabi/lib/thumb/v7e-m/fpv4-sp/hard\libc_nano.a(lib_a-errno.o)
                              Core/Src/syscalls.o (__errno)
c:/st/stm32cubeide_1.4.0/stm32cubeide/plugins/com.st.stm32cube.ide.mcu.externaltools.gnu-tools-for-stm32.7-2018-q2-update.win32_1.4.0.202007081208/tools/bin/../lib/gcc/arm-none-eabi/7.3.1/../../../../arm-none-eabi/lib/thumb/v7e-m/fpv4-sp/hard\libc_nano.a(lib_a-exit.o)
                              c:/st/stm32cubeide_1.4.0/stm32cubeide/plugins/com.st.stm32cube.ide.mcu.externaltools.gnu-tools-for-stm32.7-2018-q2-update.win32_1.4.0.202007081208/tools/bin/../lib/gcc/arm-none-eabi/7.3.1/../../../../arm-none-eabi/lib/thumb/v7e-m/fpv4-sp/hard/crt0.o (exit)
c:/st/stm32cubeide_1.4.0/stm32cubeide/plugins/com.st.stm32cube.ide.mcu.externaltools.gnu-tools-for-stm32.7-2018-q2-update.win32_1.4.0.202007081208/tools/bin/../lib/gcc/arm-none-eabi/7.3.1/../../../../arm-none-eabi/lib/thumb/v7e-m/fpv4-sp/hard\libc_nano.a(lib_a-impure.o)
                              c:/st/stm32cubeide_1.4.0/stm32cubeide/plugins/com.st.stm32cube.ide.mcu.externaltools.gnu-tools-for-stm32.7-2018-q2-update.win32_1.4.0.202007081208/tools/bin/../lib/gcc/arm-none-eabi/7.3.1/../../../../arm-none-eabi/lib/thumb/v7e-m/fpv4-sp/hard\libc_nano.a(lib_a-exit.o) (_global_impure_ptr)
c:/st/stm32cubeide_1.4.0/stm32cubeide/plugins/com.st.stm32cube.ide.mcu.externaltools.gnu-tools-for-stm32.7-2018-q2-update.win32_1.4.0.202007081208/tools/bin/../lib/gcc/arm-none-eabi/7.3.1/../../../../arm-none-eabi/lib/thumb/v7e-m/fpv4-sp/hard\libc_nano.a(lib_a-init.o)
                              c:/st/stm32cubeide_1.4.0/stm32cubeide/plugins/com.st.stm32cube.ide.mcu.externaltools.gnu-tools-for-stm32.7-2018-q2-update.win32_1.4.0.202007081208/tools/bin/../lib/gcc/arm-none-eabi/7.3.1/../../../../arm-none-eabi/lib/thumb/v7e-m/fpv4-sp/hard/crt0.o (__libc_init_array)
c:/st/stm32cubeide_1.4.0/stm32cubeide/plugins/com.st.stm32cube.ide.mcu.externaltools.gnu-tools-for-stm32.7-2018-q2-update.win32_1.4.0.202007081208/tools/bin/../lib/gcc/arm-none-eabi/7.3.1/../../../../arm-none-eabi/lib/thumb/v7e-m/fpv4-sp/hard\libc_nano.a(lib_a-memset.o)
                              c:/st/stm32cubeide_1.4.0/stm32cubeide/plugins/com.st.stm32cube.ide.mcu.externaltools.gnu-tools-for-stm32.7-2018-q2-update.win32_1.4.0.202007081208/tools/bin/../lib/gcc/arm-none-eabi/7.3.1/../../../../arm-none-eabi/lib/thumb/v7e-m/fpv4-sp/hard/crt0.o (memset)
c:/st/stm32cubeide_1.4.0/stm32cubeide/plugins/com.st.stm32cube.ide.mcu.externaltools.gnu-tools-for-stm32.7-2018-q2-update.win32_1.4.0.202007081208/tools/bin/../lib/gcc/arm-none-eabi/7.3.1/../../../../arm-none-eabi/lib/thumb/v7e-m/fpv4-sp/hard\libc_nano.a(lib_a-strlen.o)
                              Core/Src/hal_lcd.o (strlen)

Allocating common symbols
Common symbol       size              file

_config             0x4               Core/Src/hal_lcd.o
myLcd               0x40              Core/Src/main.o
uwTick              0x4               Drivers/STM32F3xx_HAL_Driver/Src/stm32f3xx_hal.o
pFlash              0x20              Drivers/STM32F3xx_HAL_Driver/Src/stm32f3xx_hal_flash.o
_lcd                0x7               Core/Src/hal_lcd.o
huart2              0x84              Core/Src/main.o

Discarded input sections

 .text          0x0000000000000000        0x0 c:/st/stm32cubeide_1.4.0/stm32cubeide/plugins/com.st.stm32cube.ide.mcu.externaltools.gnu-tools-for-stm32.7-2018-q2-update.win32_1.4.0.202007081208/tools/bin/../lib/gcc/arm-none-eabi/7.3.1/thumb/v7e-m/fpv4-sp/hard/crti.o
 .data          0x0000000000000000        0x0 c:/st/stm32cubeide_1.4.0/stm32cubeide/plugins/com.st.stm32cube.ide.mcu.externaltools.gnu-tools-for-stm32.7-2018-q2-update.win32_1.4.0.202007081208/tools/bin/../lib/gcc/arm-none-eabi/7.3.1/thumb/v7e-m/fpv4-sp/hard/crti.o
 .bss           0x0000000000000000        0x0 c:/st/stm32cubeide_1.4.0/stm32cubeide/plugins/com.st.stm32cube.ide.mcu.externaltools.gnu-tools-for-stm32.7-2018-q2-update.win32_1.4.0.202007081208/tools/bin/../lib/gcc/arm-none-eabi/7.3.1/thumb/v7e-m/fpv4-sp/hard/crti.o
 .data          0x0000000000000000        0x4 c:/st/stm32cubeide_1.4.0/stm32cubeide/plugins/com.st.stm32cube.ide.mcu.externaltools.gnu-tools-for-stm32.7-2018-q2-update.win32_1.4.0.202007081208/tools/bin/../lib/gcc/arm-none-eabi/7.3.1/thumb/v7e-m/fpv4-sp/hard/crtbegin.o
 .text          0x0000000000000000       0x74 c:/st/stm32cubeide_1.4.0/stm32cubeide/plugins/com.st.stm32cube.ide.mcu.externaltools.gnu-tools-for-stm32.7-2018-q2-update.win32_1.4.0.202007081208/tools/bin/../lib/gcc/arm-none-eabi/7.3.1/../../../../arm-none-eabi/lib/thumb/v7e-m/fpv4-sp/hard/crt0.o
[...]
Memory Configuration

Name             Origin             Length             Attributes
CCMRAM           0x0000000010000000 0x0000000000001000 xrw
RAM              0x0000000020000000 0x0000000000003000 xrw
FLASH            0x0000000008000000 0x0000000000010000 xr
*default*        0x0000000000000000 0xffffffffffffffff

Linker script and memory map

LOAD c:/st/stm32cubeide_1.4.0/stm32cubeide/plugins/com.st.stm32cube.ide.mcu.externaltools.gnu-tools-for-stm32.7-2018-q2-update.win32_1.4.0.202007081208/tools/bin/../lib/gcc/arm-none-eabi/7.3.1/thumb/v7e-m/fpv4-sp/hard/crti.o
LOAD c:/st/stm32cubeide_1.4.0/stm32cubeide/plugins/com.st.stm32cube.ide.mcu.externaltools.gnu-tools-for-stm32.7-2018-q2-update.win32_1.4.0.202007081208/tools/bin/../lib/gcc/arm-none-eabi/7.3.1/thumb/v7e-m/fpv4-sp/hard/crtbegin.o
LOAD c:/st/stm32cubeide_1.4.0/stm32cubeide/plugins/com.st.stm32cube.ide.mcu.externaltools.gnu-tools-for-stm32.7-2018-q2-update.win32_1.4.0.202007081208/tools/bin/../lib/gcc/arm-none-eabi/7.3.1/../../../../arm-none-eabi/lib/thumb/v7e-m/fpv4-sp/hard/crt0.o
LOAD Core/Src/hal_lcd.o
LOAD Core/Src/main.o
LOAD Core/Src/stm32f3xx_hal_msp.o
LOAD Core/Src/stm32f3xx_it.o
LOAD Core/Src/syscalls.o
LOAD Core/Src/sysmem.o
LOAD Core/Src/system_stm32f3xx.o
LOAD Core/Startup/startup_stm32f334r8tx.o
LOAD Drivers/STM32F3xx_HAL_Driver/Src/stm32f3xx_hal.o
LOAD Drivers/STM32F3xx_HAL_Driver/Src/stm32f3xx_hal_cortex.o
LOAD Drivers/STM32F3xx_HAL_Driver/Src/stm32f3xx_hal_dma.o
LOAD Drivers/STM32F3xx_HAL_Driver/Src/stm32f3xx_hal_exti.o
LOAD Drivers/STM32F3xx_HAL_Driver/Src/stm32f3xx_hal_flash.o
LOAD Drivers/STM32F3xx_HAL_Driver/Src/stm32f3xx_hal_flash_ex.o
LOAD Drivers/STM32F3xx_HAL_Driver/Src/stm32f3xx_hal_gpio.o
LOAD Drivers/STM32F3xx_HAL_Driver/Src/stm32f3xx_hal_i2c.o
LOAD Drivers/STM32F3xx_HAL_Driver/Src/stm32f3xx_hal_i2c_ex.o
LOAD Drivers/STM32F3xx_HAL_Driver/Src/stm32f3xx_hal_pwr.o
LOAD Drivers/STM32F3xx_HAL_Driver/Src/stm32f3xx_hal_pwr_ex.o
LOAD Drivers/STM32F3xx_HAL_Driver/Src/stm32f3xx_hal_rcc.o
LOAD Drivers/STM32F3xx_HAL_Driver/Src/stm32f3xx_hal_rcc_ex.o
LOAD Drivers/STM32F3xx_HAL_Driver/Src/stm32f3xx_hal_tim.o
LOAD Drivers/STM32F3xx_HAL_Driver/Src/stm32f3xx_hal_tim_ex.o
LOAD Drivers/STM32F3xx_HAL_Driver/Src/stm32f3xx_hal_uart.o
LOAD Drivers/STM32F3xx_HAL_Driver/Src/stm32f3xx_hal_uart_ex.o
START GROUP
LOAD c:/st/stm32cubeide_1.4.0/stm32cubeide/plugins/com.st.stm32cube.ide.mcu.externaltools.gnu-tools-for-stm32.7-2018-q2-update.win32_1.4.0.202007081208/tools/bin/../lib/gcc/arm-none-eabi/7.3.1/../../../../arm-none-eabi/lib/thumb/v7e-m/fpv4-sp/hard\libc_nano.a
LOAD c:/st/stm32cubeide_1.4.0/stm32cubeide/plugins/com.st.stm32cube.ide.mcu.externaltools.gnu-tools-for-stm32.7-2018-q2-update.win32_1.4.0.202007081208/tools/bin/../lib/gcc/arm-none-eabi/7.3.1/../../../../arm-none-eabi/lib/thumb/v7e-m/fpv4-sp/hard\libm.a
END GROUP
START GROUP
LOAD c:/st/stm32cubeide_1.4.0/stm32cubeide/plugins/com.st.stm32cube.ide.mcu.externaltools.gnu-tools-for-stm32.7-2018-q2-update.win32_1.4.0.202007081208/tools/bin/../lib/gcc/arm-none-eabi/7.3.1/thumb/v7e-m/fpv4-sp/hard\libgcc.a
LOAD c:/st/stm32cubeide_1.4.0/stm32cubeide/plugins/com.st.stm32cube.ide.mcu.externaltools.gnu-tools-for-stm32.7-2018-q2-update.win32_1.4.0.202007081208/tools/bin/../lib/gcc/arm-none-eabi/7.3.1/../../../../arm-none-eabi/lib/thumb/v7e-m/fpv4-sp/hard\libc_nano.a
END GROUP
START GROUP
LOAD c:/st/stm32cubeide_1.4.0/stm32cubeide/plugins/com.st.stm32cube.ide.mcu.externaltools.gnu-tools-for-stm32.7-2018-q2-update.win32_1.4.0.202007081208/tools/bin/../lib/gcc/arm-none-eabi/7.3.1/thumb/v7e-m/fpv4-sp/hard\libgcc.a
LOAD c:/st/stm32cubeide_1.4.0/stm32cubeide/plugins/com.st.stm32cube.ide.mcu.externaltools.gnu-tools-for-stm32.7-2018-q2-update.win32_1.4.0.202007081208/tools/bin/../lib/gcc/arm-none-eabi/7.3.1/../../../../arm-none-eabi/lib/thumb/v7e-m/fpv4-sp/hard\libc_nano.a
LOAD c:/st/stm32cubeide_1.4.0/stm32cubeide/plugins/com.st.stm32cube.ide.mcu.externaltools.gnu-tools-for-stm32.7-2018-q2-update.win32_1.4.0.202007081208/tools/bin/../lib/gcc/arm-none-eabi/7.3.1/../../../../arm-none-eabi/lib/thumb/v7e-m/fpv4-sp/hard\libnosys.a
END GROUP
START GROUP
LOAD c:/st/stm32cubeide_1.4.0/stm32cubeide/plugins/com.st.stm32cube.ide.mcu.externaltools.gnu-tools-for-stm32.7-2018-q2-update.win32_1.4.0.202007081208/tools/bin/../lib/gcc/arm-none-eabi/7.3.1/thumb/v7e-m/fpv4-sp/hard\libgcc.a
LOAD c:/st/stm32cubeide_1.4.0/stm32cubeide/plugins/com.st.stm32cube.ide.mcu.externaltools.gnu-tools-for-stm32.7-2018-q2-update.win32_1.4.0.202007081208/tools/bin/../lib/gcc/arm-none-eabi/7.3.1/../../../../arm-none-eabi/lib/thumb/v7e-m/fpv4-sp/hard\libc_nano.a
LOAD c:/st/stm32cubeide_1.4.0/stm32cubeide/plugins/com.st.stm32cube.ide.mcu.externaltools.gnu-tools-for-stm32.7-2018-q2-update.win32_1.4.0.202007081208/tools/bin/../lib/gcc/arm-none-eabi/7.3.1/../../../../arm-none-eabi/lib/thumb/v7e-m/fpv4-sp/hard\libnosys.a
END GROUP
LOAD c:/st/stm32cubeide_1.4.0/stm32cubeide/plugins/com.st.stm32cube.ide.mcu.externaltools.gnu-tools-for-stm32.7-2018-q2-update.win32_1.4.0.202007081208/tools/bin/../lib/gcc/arm-none-eabi/7.3.1/thumb/v7e-m/fpv4-sp/hard/crtend.o
LOAD c:/st/stm32cubeide_1.4.0/stm32cubeide/plugins/com.st.stm32cube.ide.mcu.externaltools.gnu-tools-for-stm32.7-2018-q2-update.win32_1.4.0.202007081208/tools/bin/../lib/gcc/arm-none-eabi/7.3.1/thumb/v7e-m/fpv4-sp/hard/crtn.o
                0x0000000020003000                _estack = (ORIGIN (RAM) + LENGTH (RAM))
                0x0000000000000200                _Min_Heap_Size = 0x200
                0x0000000000000400                _Min_Stack_Size = 0x400

.isr_vector     0x0000000008000000      0x188
                0x0000000008000000                . = ALIGN (0x4)
 *(.isr_vector)
 .isr_vector    0x0000000008000000      0x188 Core/Startup/startup_stm32f334r8tx.o
                0x0000000008000000                g_pfnVectors
                0x0000000008000188                . = ALIGN (0x4)

.text           0x0000000008000188     0x2a44
                0x0000000008000188                . = ALIGN (0x4)
 *(.text)
 .text          0x0000000008000188       0x40 c:/st/stm32cubeide_1.4.0/stm32cubeide/plugins/com.st.stm32cube.ide.mcu.externaltools.gnu-tools-for-stm32.7-2018-q2-update.win32_1.4.0.202007081208/tools/bin/../lib/gcc/arm-none-eabi/7.3.1/thumb/v7e-m/fpv4-sp/hard/crtbegin.o
 .text          0x00000000080001c8       0x10 c:/st/stm32cubeide_1.4.0/stm32cubeide/plugins/com.st.stm32cube.ide.mcu.externaltools.gnu-tools-for-stm32.7-2018-q2-update.win32_1.4.0.202007081208/tools/bin/../lib/gcc/arm-none-eabi/7.3.1/../../../../arm-none-eabi/lib/thumb/v7e-m/fpv4-sp/hard\libc_nano.a(lib_a-strlen.o)
                0x00000000080001c8                strlen
 *(.text*)
 .text.HAL_LCD_InitPins
                0x00000000080001d8      0x1fc Core/Src/hal_lcd.o
                0x00000000080001d8                HAL_LCD_InitPins
 .text.HAL_LCD_Send
                0x00000000080003d4       0x5c Core/Src/hal_lcd.o
                0x00000000080003d4                HAL_LCD_Send
 .text.HAL_LCD_Write4bits
                0x0000000008000430       0x90 Core/Src/hal_lcd.o
                0x0000000008000430                HAL_LCD_Write4bits
 .text.HAL_LCD_Write8bits
                0x00000000080004c0      0x100 Core/Src/hal_lcd.o
                0x00000000080004c0                HAL_LCD_Write8bits
 .text.HAL_LCD_PulseEnable
                0x00000000080005c0       0x5c Core/Src/hal_lcd.o
                0x00000000080005c0                HAL_LCD_PulseEnable
 .text.HAL_LCD_Init
                0x000000000800061c      0x144 Core/Src/hal_lcd.o
                0x000000000800061c                HAL_LCD_Init
 .text.HAL_LCD_Command
                0x0000000008000760       0x1c Core/Src/hal_lcd.o
                0x0000000008000760                HAL_LCD_Command
 .text.HAL_LCD_Write
                0x000000000800077c       0x1c Core/Src/hal_lcd.o
                0x000000000800077c                HAL_LCD_Write
 .text.HAL_LCD_Clear
                0x0000000008000798       0x14 Core/Src/hal_lcd.o
                0x0000000008000798                HAL_LCD_Clear
 .text.HAL_LCD_On
                0x00000000080007ac       0x2c Core/Src/hal_lcd.o
                0x00000000080007ac                HAL_LCD_On
 .text.HAL_LCD_SetRowOffsets
                0x00000000080007d8       0x40 Core/Src/hal_lcd.o
                0x00000000080007d8                HAL_LCD_SetRowOffsets
 .text.HAL_LCD_SetCursor
                0x0000000008000818       0x6c Core/Src/hal_lcd.o
                0x0000000008000818                HAL_LCD_SetCursor
 .text.HAL_LCD_Print
                0x0000000008000884       0x38 Core/Src/hal_lcd.o
                0x0000000008000884                HAL_LCD_Print
 .text.main     0x00000000080008bc       0xc0 Core/Src/main.o
                0x00000000080008bc                main
 .text.SystemClock_Config
                0x000000000800097c       0x82 Core/Src/main.o
                0x000000000800097c                SystemClock_Config
 *fill*         0x00000000080009fe        0x2 
 .text.MX_USART2_UART_Init
                0x0000000008000a00       0x60 Core/Src/main.o
 .text.MX_GPIO_Init
                0x0000000008000a60       0xd0 Core/Src/main.o
 .text.Error_Handler
                0x0000000008000b30        0xe Core/Src/main.o
                0x0000000008000b30                Error_Handler
 *fill*         0x0000000008000b3e        0x2 
 .text.HAL_MspInit
                0x0000000008000b40       0x48 Core/Src/stm32f3xx_hal_msp.o
                0x0000000008000b40                HAL_MspInit
 .text.HAL_UART_MspInit
                0x0000000008000b88       0x84 Core/Src/stm32f3xx_hal_msp.o
                0x0000000008000b88                HAL_UART_MspInit
 .text.NMI_Handler
                0x0000000008000c0c        0xe Core/Src/stm32f3xx_it.o
                0x0000000008000c0c                NMI_Handler
 .text.HardFault_Handler
                0x0000000008000c1a        0x6 Core/Src/stm32f3xx_it.o
                0x0000000008000c1a                HardFault_Handler
 .text.MemManage_Handler
                0x0000000008000c20        0x6 Core/Src/stm32f3xx_it.o
                0x0000000008000c20                MemManage_Handler
 .text.BusFault_Handler
                0x0000000008000c26        0x6 Core/Src/stm32f3xx_it.o
                0x0000000008000c26                BusFault_Handler
 .text.UsageFault_Handler
                0x0000000008000c2c        0x6 Core/Src/stm32f3xx_it.o
                0x0000000008000c2c                UsageFault_Handler
 .text.SVC_Handler
                0x0000000008000c32        0xe Core/Src/stm32f3xx_it.o
                0x0000000008000c32                SVC_Handler
 .text.DebugMon_Handler
                0x0000000008000c40        0xe Core/Src/stm32f3xx_it.o
                0x0000000008000c40                DebugMon_Handler
 .text.PendSV_Handler
                0x0000000008000c4e        0xe Core/Src/stm32f3xx_it.o
                0x0000000008000c4e                PendSV_Handler
 .text.SysTick_Handler
                0x0000000008000c5c        0xc Core/Src/stm32f3xx_it.o
                0x0000000008000c5c                SysTick_Handler
 .text.SystemInit
                0x0000000008000c68       0x24 Core/Src/system_stm32f3xx.o
                0x0000000008000c68                SystemInit
 .text.Reset_Handler
                0x0000000008000c8c       0x50 Core/Startup/startup_stm32f334r8tx.o
                0x0000000008000c8c                Reset_Handler
 .text.Default_Handler
                0x0000000008000cdc        0x2 Core/Startup/startup_stm32f334r8tx.o
                0x0000000008000cdc                RTC_Alarm_IRQHandler
                0x0000000008000cdc                HRTIM1_Master_IRQHandler
                0x0000000008000cdc                TIM1_CC_IRQHandler
                0x0000000008000cdc                HRTIM1_FLT_IRQHandler
                0x0000000008000cdc                PVD_IRQHandler
                0x0000000008000cdc                HRTIM1_TIMD_IRQHandler
                0x0000000008000cdc                TAMP_STAMP_IRQHandler
                0x0000000008000cdc                EXTI3_IRQHandler
                0x0000000008000cdc                EXTI0_IRQHandler
                0x0000000008000cdc                FPU_IRQHandler
                0x0000000008000cdc                CAN_TX_IRQHandler
                0x0000000008000cdc                TIM1_UP_TIM16_IRQHandler
                0x0000000008000cdc                ADC1_2_IRQHandler
                0x0000000008000cdc                HRTIM1_TIME_IRQHandler
                0x0000000008000cdc                SPI1_IRQHandler
                0x0000000008000cdc                CAN_SCE_IRQHandler
                0x0000000008000cdc                HRTIM1_TIMC_IRQHandler
                0x0000000008000cdc                DMA1_Channel4_IRQHandler
                0x0000000008000cdc                USART3_IRQHandler
                0x0000000008000cdc                DMA1_Channel7_IRQHandler
                0x0000000008000cdc                TIM7_DAC2_IRQHandler
                0x0000000008000cdc                CAN_RX1_IRQHandler
                0x0000000008000cdc                I2C1_EV_IRQHandler
                0x0000000008000cdc                DMA1_Channel6_IRQHandler
                0x0000000008000cdc                TIM3_IRQHandler
                0x0000000008000cdc                RCC_IRQHandler
                0x0000000008000cdc                DMA1_Channel1_IRQHandler
                0x0000000008000cdc                Default_Handler
                0x0000000008000cdc                EXTI15_10_IRQHandler
                0x0000000008000cdc                COMP2_IRQHandler
                0x0000000008000cdc                HRTIM1_TIMA_IRQHandler
                0x0000000008000cdc                TIM6_DAC1_IRQHandler
                0x0000000008000cdc                EXTI9_5_IRQHandler
                0x0000000008000cdc                RTC_WKUP_IRQHandler
                0x0000000008000cdc                DMA1_Channel5_IRQHandler
                0x0000000008000cdc                EXTI4_IRQHandler
                0x0000000008000cdc                HRTIM1_TIMB_IRQHandler
                0x0000000008000cdc                TIM1_TRG_COM_TIM17_IRQHandler
                0x0000000008000cdc                DMA1_Channel3_IRQHandler
                0x0000000008000cdc                WWDG_IRQHandler
                0x0000000008000cdc                TIM2_IRQHandler
                0x0000000008000cdc                EXTI1_IRQHandler
                0x0000000008000cdc                COMP4_6_IRQHandler
                0x0000000008000cdc                USART2_IRQHandler
                0x0000000008000cdc                DMA1_Channel2_IRQHandler
                0x0000000008000cdc                FLASH_IRQHandler
                0x0000000008000cdc                USART1_IRQHandler
                0x0000000008000cdc                CAN_RX0_IRQHandler
                0x0000000008000cdc                I2C1_ER_IRQHandler
                0x0000000008000cdc                EXTI2_TSC_IRQHandler
                0x0000000008000cdc                TIM1_BRK_TIM15_IRQHandler
 *fill*         0x0000000008000cde        0x2 
 .text.HAL_Init
                0x0000000008000ce0       0x2c Drivers/STM32F3xx_HAL_Driver/Src/stm32f3xx_hal.o
                0x0000000008000ce0                HAL_Init
 .text.HAL_InitTick
                0x0000000008000d0c       0x60 Drivers/STM32F3xx_HAL_Driver/Src/stm32f3xx_hal.o
                0x0000000008000d0c                HAL_InitTick
 .text.HAL_IncTick
                0x0000000008000d6c       0x28 Drivers/STM32F3xx_HAL_Driver/Src/stm32f3xx_hal.o
                0x0000000008000d6c                HAL_IncTick
 .text.HAL_GetTick
                0x0000000008000d94       0x18 Drivers/STM32F3xx_HAL_Driver/Src/stm32f3xx_hal.o
                0x0000000008000d94                HAL_GetTick
 .text.HAL_Delay
                0x0000000008000dac       0x44 Drivers/STM32F3xx_HAL_Driver/Src/stm32f3xx_hal.o
                0x0000000008000dac                HAL_Delay
 .text.__NVIC_SetPriorityGrouping
                0x0000000008000df0       0x48 Drivers/STM32F3xx_HAL_Driver/Src/stm32f3xx_hal_cortex.o
 .text.__NVIC_GetPriorityGrouping
                0x0000000008000e38       0x1c Drivers/STM32F3xx_HAL_Driver/Src/stm32f3xx_hal_cortex.o
 .text.__NVIC_SetPriority
                0x0000000008000e54       0x54 Drivers/STM32F3xx_HAL_Driver/Src/stm32f3xx_hal_cortex.o
 .text.NVIC_EncodePriority
                0x0000000008000ea8       0x66 Drivers/STM32F3xx_HAL_Driver/Src/stm32f3xx_hal_cortex.o
 *fill*         0x0000000008000f0e        0x2 
 .text.SysTick_Config
                0x0000000008000f10       0x44 Drivers/STM32F3xx_HAL_Driver/Src/stm32f3xx_hal_cortex.o
 .text.HAL_NVIC_SetPriorityGrouping
                0x0000000008000f54       0x16 Drivers/STM32F3xx_HAL_Driver/Src/stm32f3xx_hal_cortex.o
                0x0000000008000f54                HAL_NVIC_SetPriorityGrouping
 .text.HAL_NVIC_SetPriority
                0x0000000008000f6a       0x38 Drivers/STM32F3xx_HAL_Driver/Src/stm32f3xx_hal_cortex.o
                0x0000000008000f6a                HAL_NVIC_SetPriority
 .text.HAL_SYSTICK_Config
                0x0000000008000fa2       0x18 Drivers/STM32F3xx_HAL_Driver/Src/stm32f3xx_hal_cortex.o
                0x0000000008000fa2                HAL_SYSTICK_Config
 *fill*         0x0000000008000fba        0x2 
 .text.HAL_GPIO_Init
                0x0000000008000fbc      0x2e4 Drivers/STM32F3xx_HAL_Driver/Src/stm32f3xx_hal_gpio.o
                0x0000000008000fbc                HAL_GPIO_Init
 .text.HAL_GPIO_WritePin
                0x00000000080012a0       0x30 Drivers/STM32F3xx_HAL_Driver/Src/stm32f3xx_hal_gpio.o
                0x00000000080012a0                HAL_GPIO_WritePin
 .text.HAL_GPIO_TogglePin
                0x00000000080012d0       0x34 Drivers/STM32F3xx_HAL_Driver/Src/stm32f3xx_hal_gpio.o
                0x00000000080012d0                HAL_GPIO_TogglePin
 .text.HAL_RCC_OscConfig
                0x0000000008001304      0xe10 Drivers/STM32F3xx_HAL_Driver/Src/stm32f3xx_hal_rcc.o
                0x0000000008001304                HAL_RCC_OscConfig
 .text.HAL_RCC_ClockConfig
                0x0000000008002114      0x2f8 Drivers/STM32F3xx_HAL_Driver/Src/stm32f3xx_hal_rcc.o
                0x0000000008002114                HAL_RCC_ClockConfig
 .text.HAL_RCC_GetSysClockFreq
                0x000000000800240c       0xd4 Drivers/STM32F3xx_HAL_Driver/Src/stm32f3xx_hal_rcc.o
                0x000000000800240c                HAL_RCC_GetSysClockFreq
 .text.HAL_RCC_GetHCLKFreq
                0x00000000080024e0       0x18 Drivers/STM32F3xx_HAL_Driver/Src/stm32f3xx_hal_rcc.o
                0x00000000080024e0                HAL_RCC_GetHCLKFreq
 .text.HAL_RCC_GetPCLK1Freq
                0x00000000080024f8       0x44 Drivers/STM32F3xx_HAL_Driver/Src/stm32f3xx_hal_rcc.o
                0x00000000080024f8                HAL_RCC_GetPCLK1Freq
 .text.HAL_RCC_GetPCLK2Freq
                0x000000000800253c       0x44 Drivers/STM32F3xx_HAL_Driver/Src/stm32f3xx_hal_rcc.o
                0x000000000800253c                HAL_RCC_GetPCLK2Freq
 .text.HAL_UART_Init
                0x0000000008002580       0x9c Drivers/STM32F3xx_HAL_Driver/Src/stm32f3xx_hal_uart.o
                0x0000000008002580                HAL_UART_Init
 .text.UART_SetConfig
                0x000000000800261c      0x270 Drivers/STM32F3xx_HAL_Driver/Src/stm32f3xx_hal_uart.o
                0x000000000800261c                UART_SetConfig
 .text.UART_AdvFeatureConfig
                0x000000000800288c      0x144 Drivers/STM32F3xx_HAL_Driver/Src/stm32f3xx_hal_uart.o
                0x000000000800288c                UART_AdvFeatureConfig
 .text.UART_CheckIdleState
                0x00000000080029d0       0x92 Drivers/STM32F3xx_HAL_Driver/Src/stm32f3xx_hal_uart.o
                0x00000000080029d0                UART_CheckIdleState
 .text.UART_WaitOnFlagUntilTimeout
                0x0000000008002a62       0xf8 Drivers/STM32F3xx_HAL_Driver/Src/stm32f3xx_hal_uart.o
                0x0000000008002a62                UART_WaitOnFlagUntilTimeout
 *fill*         0x0000000008002b5a        0x2 
 .text.__libc_init_array
                0x0000000008002b5c       0x48 c:/st/stm32cubeide_1.4.0/stm32cubeide/plugins/com.st.stm32cube.ide.mcu.externaltools.gnu-tools-for-stm32.7-2018-q2-update.win32_1.4.0.202007081208/tools/bin/../lib/gcc/arm-none-eabi/7.3.1/../../../../arm-none-eabi/lib/thumb/v7e-m/fpv4-sp/hard\libc_nano.a(lib_a-init.o)
                0x0000000008002b5c                __libc_init_array
 .text.memset   0x0000000008002ba4       0x10 c:/st/stm32cubeide_1.4.0/stm32cubeide/plugins/com.st.stm32cube.ide.mcu.externaltools.gnu-tools-for-stm32.7-2018-q2-update.win32_1.4.0.202007081208/tools/bin/../lib/gcc/arm-none-eabi/7.3.1/../../../../arm-none-eabi/lib/thumb/v7e-m/fpv4-sp/hard\libc_nano.a(lib_a-memset.o)
                0x0000000008002ba4                memset
 *(.glue_7)
 .glue_7        0x0000000008002bb4        0x0 linker stubs
 *(.glue_7t)
 .glue_7t       0x0000000008002bb4        0x0 linker stubs
 *(.eh_frame)
 .eh_frame      0x0000000008002bb4        0x0 c:/st/stm32cubeide_1.4.0/stm32cubeide/plugins/com.st.stm32cube.ide.mcu.externaltools.gnu-tools-for-stm32.7-2018-q2-update.win32_1.4.0.202007081208/tools/bin/../lib/gcc/arm-none-eabi/7.3.1/thumb/v7e-m/fpv4-sp/hard/crtbegin.o
 *(.init)
 .init          0x0000000008002bb4        0x4 c:/st/stm32cubeide_1.4.0/stm32cubeide/plugins/com.st.stm32cube.ide.mcu.externaltools.gnu-tools-for-stm32.7-2018-q2-update.win32_1.4.0.202007081208/tools/bin/../lib/gcc/arm-none-eabi/7.3.1/thumb/v7e-m/fpv4-sp/hard/crti.o
                0x0000000008002bb4                _init
 .init          0x0000000008002bb8        0x8 c:/st/stm32cubeide_1.4.0/stm32cubeide/plugins/com.st.stm32cube.ide.mcu.externaltools.gnu-tools-for-stm32.7-2018-q2-update.win32_1.4.0.202007081208/tools/bin/../lib/gcc/arm-none-eabi/7.3.1/thumb/v7e-m/fpv4-sp/hard/crtn.o
 *(.fini)
 .fini          0x0000000008002bc0        0x4 c:/st/stm32cubeide_1.4.0/stm32cubeide/plugins/com.st.stm32cube.ide.mcu.externaltools.gnu-tools-for-stm32.7-2018-q2-update.win32_1.4.0.202007081208/tools/bin/../lib/gcc/arm-none-eabi/7.3.1/thumb/v7e-m/fpv4-sp/hard/crti.o
                0x0000000008002bc0                _fini
 .fini          0x0000000008002bc4        0x8 c:/st/stm32cubeide_1.4.0/stm32cubeide/plugins/com.st.stm32cube.ide.mcu.externaltools.gnu-tools-for-stm32.7-2018-q2-update.win32_1.4.0.202007081208/tools/bin/../lib/gcc/arm-none-eabi/7.3.1/thumb/v7e-m/fpv4-sp/hard/crtn.o
                0x0000000008002bcc                . = ALIGN (0x4)
                0x0000000008002bcc                _etext = .

.vfp11_veneer   0x0000000008002bcc        0x0
 .vfp11_veneer  0x0000000008002bcc        0x0 linker stubs

.v4_bx          0x0000000008002bcc        0x0
 .v4_bx         0x0000000008002bcc        0x0 linker stubs

.iplt           0x0000000008002bcc        0x0
 .iplt          0x0000000008002bcc        0x0 c:/st/stm32cubeide_1.4.0/stm32cubeide/plugins/com.st.stm32cube.ide.mcu.externaltools.gnu-tools-for-stm32.7-2018-q2-update.win32_1.4.0.202007081208/tools/bin/../lib/gcc/arm-none-eabi/7.3.1/thumb/v7e-m/fpv4-sp/hard/crtbegin.o

.rodata         0x0000000008002bcc       0x58
                0x0000000008002bcc                . = ALIGN (0x4)
 *(.rodata)
 .rodata        0x0000000008002bcc       0x1d Core/Src/main.o
 *(.rodata*)
 *fill*         0x0000000008002be9        0x3 
 .rodata.AHBPrescTable
                0x0000000008002bec       0x10 Core/Src/system_stm32f3xx.o
                0x0000000008002bec                AHBPrescTable
 .rodata.APBPrescTable
                0x0000000008002bfc        0x8 Core/Src/system_stm32f3xx.o
                0x0000000008002bfc                APBPrescTable
 .rodata.aPLLMULFactorTable
                0x0000000008002c04       0x10 Drivers/STM32F3xx_HAL_Driver/Src/stm32f3xx_hal_rcc.o
                0x0000000008002c04                aPLLMULFactorTable
 .rodata.aPredivFactorTable
                0x0000000008002c14       0x10 Drivers/STM32F3xx_HAL_Driver/Src/stm32f3xx_hal_rcc.o
                0x0000000008002c14                aPredivFactorTable
                0x0000000008002c24                . = ALIGN (0x4)

.rel.dyn        0x0000000008002c24        0x0
 .rel.iplt      0x0000000008002c24        0x0 c:/st/stm32cubeide_1.4.0/stm32cubeide/plugins/com.st.stm32cube.ide.mcu.externaltools.gnu-tools-for-stm32.7-2018-q2-update.win32_1.4.0.202007081208/tools/bin/../lib/gcc/arm-none-eabi/7.3.1/thumb/v7e-m/fpv4-sp/hard/crtbegin.o

.ARM.extab      0x0000000008002c24        0x0
                0x0000000008002c24                . = ALIGN (0x4)
 *(.ARM.extab* .gnu.linkonce.armextab.*)
                0x0000000008002c24                . = ALIGN (0x4)

.ARM            0x0000000008002c24        0x0
                0x0000000008002c24                . = ALIGN (0x4)
                0x0000000008002c24                __exidx_start = .
 *(.ARM.exidx*)
                0x0000000008002c24                __exidx_end = .
                0x0000000008002c24                . = ALIGN (0x4)

.preinit_array  0x0000000008002c24        0x0
                0x0000000008002c24                . = ALIGN (0x4)
                0x0000000008002c24                PROVIDE (__preinit_array_start = .)
 *(.preinit_array*)
                0x0000000008002c24                PROVIDE (__preinit_array_end = .)
                0x0000000008002c24                . = ALIGN (0x4)

.init_array     0x0000000008002c24        0x4
                0x0000000008002c24                . = ALIGN (0x4)
                0x0000000008002c24                PROVIDE (__init_array_start = .)
 *(SORT_BY_NAME(.init_array.*))
 *(.init_array*)
 .init_array    0x0000000008002c24        0x4 c:/st/stm32cubeide_1.4.0/stm32cubeide/plugins/com.st.stm32cube.ide.mcu.externaltools.gnu-tools-for-stm32.7-2018-q2-update.win32_1.4.0.202007081208/tools/bin/../lib/gcc/arm-none-eabi/7.3.1/thumb/v7e-m/fpv4-sp/hard/crtbegin.o
                0x0000000008002c28                PROVIDE (__init_array_end = .)
                0x0000000008002c28                . = ALIGN (0x4)

.fini_array     0x0000000008002c28        0x4
                0x0000000008002c28                . = ALIGN (0x4)
                [!provide]                        PROVIDE (__fini_array_start = .)
 *(SORT_BY_NAME(.fini_array.*))
 *(.fini_array*)
 .fini_array    0x0000000008002c28        0x4 c:/st/stm32cubeide_1.4.0/stm32cubeide/plugins/com.st.stm32cube.ide.mcu.externaltools.gnu-tools-for-stm32.7-2018-q2-update.win32_1.4.0.202007081208/tools/bin/../lib/gcc/arm-none-eabi/7.3.1/thumb/v7e-m/fpv4-sp/hard/crtbegin.o
                [!provide]                        PROVIDE (__fini_array_end = .)
                0x0000000008002c2c                . = ALIGN (0x4)
                0x0000000008002c2c                _sidata = LOADADDR (.data)

.data           0x0000000020000000        0xc load address 0x0000000008002c2c
                0x0000000020000000                . = ALIGN (0x4)
                0x0000000020000000                _sdata = .
 *(.data)
 *(.data*)
 .data.SystemCoreClock
                0x0000000020000000        0x4 Core/Src/system_stm32f3xx.o
                0x0000000020000000                SystemCoreClock
 .data.uwTickPrio
                0x0000000020000004        0x4 Drivers/STM32F3xx_HAL_Driver/Src/stm32f3xx_hal.o
                0x0000000020000004                uwTickPrio
 .data.uwTickFreq
                0x0000000020000008        0x1 Drivers/STM32F3xx_HAL_Driver/Src/stm32f3xx_hal.o
                0x0000000020000008                uwTickFreq
                0x000000002000000c                . = ALIGN (0x4)
 *fill*         0x0000000020000009        0x3 
                0x000000002000000c                _edata = .

.igot.plt       0x000000002000000c        0x0 load address 0x0000000008002c38
 .igot.plt      0x000000002000000c        0x0 c:/st/stm32cubeide_1.4.0/stm32cubeide/plugins/com.st.stm32cube.ide.mcu.externaltools.gnu-tools-for-stm32.7-2018-q2-update.win32_1.4.0.202007081208/tools/bin/../lib/gcc/arm-none-eabi/7.3.1/thumb/v7e-m/fpv4-sp/hard/crtbegin.o
                0x000000002000000c                . = ALIGN (0x4)

.bss            0x000000002000000c       0xf4 load address 0x0000000008002c38
                0x000000002000000c                _sbss = .
                0x000000002000000c                __bss_start__ = _sbss
 *(.bss)
 .bss           0x000000002000000c       0x1c c:/st/stm32cubeide_1.4.0/stm32cubeide/plugins/com.st.stm32cube.ide.mcu.externaltools.gnu-tools-for-stm32.7-2018-q2-update.win32_1.4.0.202007081208/tools/bin/../lib/gcc/arm-none-eabi/7.3.1/thumb/v7e-m/fpv4-sp/hard/crtbegin.o
 *(.bss*)
 .bss.dotSize   0x0000000020000028        0x1 Core/Src/hal_lcd.o
                0x0000000020000028                dotSize
 *(COMMON)
 *fill*         0x0000000020000029        0x3 
 COMMON         0x000000002000002c        0xb Core/Src/hal_lcd.o
                0x000000002000002c                _config
                0x0000000020000030                _lcd
 *fill*         0x0000000020000037        0x1 
 COMMON         0x0000000020000038       0xc4 Core/Src/main.o
                0x0000000020000038                myLcd
                0x0000000020000078                huart2
 COMMON         0x00000000200000fc        0x4 Drivers/STM32F3xx_HAL_Driver/Src/stm32f3xx_hal.o
                0x00000000200000fc                uwTick
                0x0000000020000100                . = ALIGN (0x4)
                0x0000000020000100                _ebss = .
                0x0000000020000100                __bss_end__ = _ebss

._user_heap_stack
                0x0000000020000100      0x600 load address 0x0000000008002c38
                0x0000000020000100                . = ALIGN (0x8)
                [!provide]                        PROVIDE (end = .)
                0x0000000020000100                PROVIDE (_end = .)
                0x0000000020000300                . = (. + _Min_Heap_Size)
 *fill*         0x0000000020000100      0x200 
                0x0000000020000700                . = (. + _Min_Stack_Size)
 *fill*         0x0000000020000300      0x400 
                0x0000000020000700                . = ALIGN (0x8)

/DISCARD/
 libc.a(*)
 libm.a(*)
 libgcc.a(*)

.ARM.attributes
                0x0000000000000000       0x30
 *(.ARM.attributes)
 .ARM.attributes
                0x0000000000000000       0x22 c:/st/stm32cubeide_1.4.0/stm32cubeide/plugins/com.st.stm32cube.ide.mcu.externaltools.gnu-tools-for-stm32.7-2018-q2-update.win32_1.4.0.202007081208/tools/bin/../lib/gcc/arm-none-eabi/7.3.1/thumb/v7e-m/fpv4-sp/hard/crti.o
 .ARM.attributes
                0x0000000000000022       0x34 c:/st/stm32cubeide_1.4.0/stm32cubeide/plugins/com.st.stm32cube.ide.mcu.externaltools.gnu-tools-for-stm32.7-2018-q2-update.win32_1.4.0.202007081208/tools/bin/../lib/gcc/arm-none-eabi/7.3.1/thumb/v7e-m/fpv4-sp/hard/crtbegin.o
 .ARM.attributes
                0x0000000000000056       0x39 Core/Src/hal_lcd.o
 .ARM.attributes
                0x000000000000008f       0x39 Core/Src/main.o
 .ARM.attributes
                0x00000000000000c8       0x39 Core/Src/stm32f3xx_hal_msp.o
 .ARM.attributes
                0x0000000000000101       0x39 Core/Src/stm32f3xx_it.o
 .ARM.attributes
                0x000000000000013a       0x39 Core/Src/system_stm32f3xx.o
 .ARM.attributes
                0x0000000000000173       0x21 Core/Startup/startup_stm32f334r8tx.o
 .ARM.attributes
                0x0000000000000194       0x39 Drivers/STM32F3xx_HAL_Driver/Src/stm32f3xx_hal.o
 .ARM.attributes
                0x00000000000001cd       0x39 Drivers/STM32F3xx_HAL_Driver/Src/stm32f3xx_hal_cortex.o
 .ARM.attributes
                0x0000000000000206       0x39 Drivers/STM32F3xx_HAL_Driver/Src/stm32f3xx_hal_gpio.o
 .ARM.attributes
                0x000000000000023f       0x39 Drivers/STM32F3xx_HAL_Driver/Src/stm32f3xx_hal_rcc.o
 .ARM.attributes
                0x0000000000000278       0x39 Drivers/STM32F3xx_HAL_Driver/Src/stm32f3xx_hal_uart.o
 .ARM.attributes
                0x00000000000002b1       0x34 c:/st/stm32cubeide_1.4.0/stm32cubeide/plugins/com.st.stm32cube.ide.mcu.externaltools.gnu-tools-for-stm32.7-2018-q2-update.win32_1.4.0.202007081208/tools/bin/../lib/gcc/arm-none-eabi/7.3.1/../../../../arm-none-eabi/lib/thumb/v7e-m/fpv4-sp/hard\libc_nano.a(lib_a-init.o)
 .ARM.attributes
                0x00000000000002e5       0x34 c:/st/stm32cubeide_1.4.0/stm32cubeide/plugins/com.st.stm32cube.ide.mcu.externaltools.gnu-tools-for-stm32.7-2018-q2-update.win32_1.4.0.202007081208/tools/bin/../lib/gcc/arm-none-eabi/7.3.1/../../../../arm-none-eabi/lib/thumb/v7e-m/fpv4-sp/hard\libc_nano.a(lib_a-memset.o)
 .ARM.attributes
                0x0000000000000319       0x1b c:/st/stm32cubeide_1.4.0/stm32cubeide/plugins/com.st.stm32cube.ide.mcu.externaltools.gnu-tools-for-stm32.7-2018-q2-update.win32_1.4.0.202007081208/tools/bin/../lib/gcc/arm-none-eabi/7.3.1/../../../../arm-none-eabi/lib/thumb/v7e-m/fpv4-sp/hard\libc_nano.a(lib_a-strlen.o)
 .ARM.attributes
                0x0000000000000334       0x22 c:/st/stm32cubeide_1.4.0/stm32cubeide/plugins/com.st.stm32cube.ide.mcu.externaltools.gnu-tools-for-stm32.7-2018-q2-update.win32_1.4.0.202007081208/tools/bin/../lib/gcc/arm-none-eabi/7.3.1/thumb/v7e-m/fpv4-sp/hard/crtn.o
OUTPUT(Hello Nucleo-F334R8.elf elf32-littlearm)

.debug_info     0x0000000000000000     0x750c
 .debug_info    0x0000000000000000      0xfd2 Core/Src/hal_lcd.o
 .debug_info    0x0000000000000fd2      0xc13 Core/Src/main.o
 .debug_info    0x0000000000001be5      0x92a Core/Src/stm32f3xx_hal_msp.o
 .debug_info    0x000000000000250f      0x20d Core/Src/stm32f3xx_it.o
 .debug_info    0x000000000000271c      0x45c Core/Src/system_stm32f3xx.o
 .debug_info    0x0000000000002b78       0x22 Core/Startup/startup_stm32f334r8tx.o
 .debug_info    0x0000000000002b9a      0x782 Drivers/STM32F3xx_HAL_Driver/Src/stm32f3xx_hal.o
 .debug_info    0x000000000000331c      0xb7e Drivers/STM32F3xx_HAL_Driver/Src/stm32f3xx_hal_cortex.o
 .debug_info    0x0000000000003e9a      0x7c1 Drivers/STM32F3xx_HAL_Driver/Src/stm32f3xx_hal_gpio.o
 .debug_info    0x000000000000465b     0x180f Drivers/STM32F3xx_HAL_Driver/Src/stm32f3xx_hal_rcc.o
 .debug_info    0x0000000000005e6a     0x16a2 Drivers/STM32F3xx_HAL_Driver/Src/stm32f3xx_hal_uart.o

.debug_abbrev   0x0000000000000000     0x130c
 .debug_abbrev  0x0000000000000000      0x2aa Core/Src/hal_lcd.o
 .debug_abbrev  0x00000000000002aa      0x1d6 Core/Src/main.o
 .debug_abbrev  0x0000000000000480      0x18c Core/Src/stm32f3xx_hal_msp.o
 .debug_abbrev  0x000000000000060c       0xc6 Core/Src/stm32f3xx_it.o
 .debug_abbrev  0x00000000000006d2      0x12b Core/Src/system_stm32f3xx.o
 .debug_abbrev  0x00000000000007fd       0x12 Core/Startup/startup_stm32f334r8tx.o
 .debug_abbrev  0x000000000000080f      0x1c7 Drivers/STM32F3xx_HAL_Driver/Src/stm32f3xx_hal.o
 .debug_abbrev  0x00000000000009d6      0x2d5 Drivers/STM32F3xx_HAL_Driver/Src/stm32f3xx_hal_cortex.o
 .debug_abbrev  0x0000000000000cab      0x1c0 Drivers/STM32F3xx_HAL_Driver/Src/stm32f3xx_hal_gpio.o
 .debug_abbrev  0x0000000000000e6b      0x28c Drivers/STM32F3xx_HAL_Driver/Src/stm32f3xx_hal_rcc.o
 .debug_abbrev  0x00000000000010f7      0x215 Drivers/STM32F3xx_HAL_Driver/Src/stm32f3xx_hal_uart.o

.debug_aranges  0x0000000000000000      0x6f0
 .debug_aranges
                0x0000000000000000       0xe8 Core/Src/hal_lcd.o
 .debug_aranges
                0x00000000000000e8       0x40 Core/Src/main.o
 .debug_aranges
                0x0000000000000128       0x30 Core/Src/stm32f3xx_hal_msp.o
 .debug_aranges
                0x0000000000000158       0x60 Core/Src/stm32f3xx_it.o
 .debug_aranges
                0x00000000000001b8       0x28 Core/Src/system_stm32f3xx.o
 .debug_aranges
                0x00000000000001e0       0x28 Core/Startup/startup_stm32f334r8tx.o
 .debug_aranges
                0x0000000000000208       0xe0 Drivers/STM32F3xx_HAL_Driver/Src/stm32f3xx_hal.o
 .debug_aranges
                0x00000000000002e8      0x100 Drivers/STM32F3xx_HAL_Driver/Src/stm32f3xx_hal_cortex.o
 .debug_aranges
                0x00000000000003e8       0x58 Drivers/STM32F3xx_HAL_Driver/Src/stm32f3xx_hal_gpio.o
 .debug_aranges
                0x0000000000000440       0x88 Drivers/STM32F3xx_HAL_Driver/Src/stm32f3xx_hal_rcc.o
 .debug_aranges
                0x00000000000004c8      0x228 Drivers/STM32F3xx_HAL_Driver/Src/stm32f3xx_hal_uart.o

.debug_ranges   0x0000000000000000      0x678
 .debug_ranges  0x0000000000000000       0xd8 Core/Src/hal_lcd.o
 .debug_ranges  0x00000000000000d8       0x30 Core/Src/main.o
 .debug_ranges  0x0000000000000108       0x20 Core/Src/stm32f3xx_hal_msp.o
 .debug_ranges  0x0000000000000128       0x50 Core/Src/stm32f3xx_it.o
 .debug_ranges  0x0000000000000178       0x18 Core/Src/system_stm32f3xx.o
 .debug_ranges  0x0000000000000190       0x20 Core/Startup/startup_stm32f334r8tx.o
 .debug_ranges  0x00000000000001b0       0xd0 Drivers/STM32F3xx_HAL_Driver/Src/stm32f3xx_hal.o
 .debug_ranges  0x0000000000000280       0xf0 Drivers/STM32F3xx_HAL_Driver/Src/stm32f3xx_hal_cortex.o
 .debug_ranges  0x0000000000000370       0x48 Drivers/STM32F3xx_HAL_Driver/Src/stm32f3xx_hal_gpio.o
 .debug_ranges  0x00000000000003b8       0x78 Drivers/STM32F3xx_HAL_Driver/Src/stm32f3xx_hal_rcc.o
 .debug_ranges  0x0000000000000430      0x248 Drivers/STM32F3xx_HAL_Driver/Src/stm32f3xx_hal_uart.o

.debug_macro    0x0000000000000000    0x1ea03
 .debug_macro   0x0000000000000000      0x29e Core/Src/hal_lcd.o
 .debug_macro   0x000000000000029e      0xa5a Core/Src/hal_lcd.o
 .debug_macro   0x0000000000000cf8      0x151 Core/Src/hal_lcd.o
 .debug_macro   0x0000000000000e49       0x2e Core/Src/hal_lcd.o
 .debug_macro   0x0000000000000e77       0x28 Core/Src/hal_lcd.o
 .debug_macro   0x0000000000000e9f       0x22 Core/Src/hal_lcd.o
 .debug_macro   0x0000000000000ec1       0x8e Core/Src/hal_lcd.o
 .debug_macro   0x0000000000000f4f       0x51 Core/Src/hal_lcd.o
 .debug_macro   0x0000000000000fa0       0xef Core/Src/hal_lcd.o
 .debug_macro   0x000000000000108f       0x6a Core/Src/hal_lcd.o
 .debug_macro   0x00000000000010f9      0x1df Core/Src/hal_lcd.o
 .debug_macro   0x00000000000012d8       0x1c Core/Src/hal_lcd.o
 .debug_macro   0x00000000000012f4       0x22 Core/Src/hal_lcd.o
 .debug_macro   0x0000000000001316       0xdf Core/Src/hal_lcd.o
 .debug_macro   0x00000000000013f5      0xf07 Core/Src/hal_lcd.o
 .debug_macro   0x00000000000022fc    0x15464 Core/Src/hal_lcd.o
 .debug_macro   0x0000000000017760       0x43 Core/Src/hal_lcd.o
 .debug_macro   0x00000000000177a3     0x35e9 Core/Src/hal_lcd.o
 .debug_macro   0x000000000001ad8c      0x174 Core/Src/hal_lcd.o
 .debug_macro   0x000000000001af00       0x55 Core/Src/hal_lcd.o
 .debug_macro   0x000000000001af55      0x8f9 Core/Src/hal_lcd.o
 .debug_macro   0x000000000001b84e      0x358 Core/Src/hal_lcd.o
 .debug_macro   0x000000000001bba6      0x12f Core/Src/hal_lcd.o
 .debug_macro   0x000000000001bcd5      0x130 Core/Src/hal_lcd.o
 .debug_macro   0x000000000001be05      0x1d5 Core/Src/hal_lcd.o
 .debug_macro   0x000000000001bfda      0x1bc Core/Src/hal_lcd.o
 .debug_macro   0x000000000001c196       0x34 Core/Src/hal_lcd.o
 .debug_macro   0x000000000001c1ca       0x3c Core/Src/hal_lcd.o
 .debug_macro   0x000000000001c206       0x57 Core/Src/hal_lcd.o
 .debug_macro   0x000000000001c25d       0xc5 Core/Src/hal_lcd.o
 .debug_macro   0x000000000001c322      0x19f Core/Src/hal_lcd.o
 .debug_macro   0x000000000001c4c1      0x22c Core/Src/hal_lcd.o
 .debug_macro   0x000000000001c6ed       0x5b Core/Src/hal_lcd.o
 .debug_macro   0x000000000001c748       0xa5 Core/Src/hal_lcd.o
 .debug_macro   0x000000000001c7ed       0x81 Core/Src/hal_lcd.o
 .debug_macro   0x000000000001c86e       0xd3 Core/Src/hal_lcd.o
 .debug_macro   0x000000000001c941      0x5a5 Core/Src/hal_lcd.o
 .debug_macro   0x000000000001cee6       0x44 Core/Src/hal_lcd.o
 .debug_macro   0x000000000001cf2a      0x2a1 Core/Src/hal_lcd.o
 .debug_macro   0x000000000001d1cb       0x64 Core/Src/hal_lcd.o
 .debug_macro   0x000000000001d22f       0x22 Core/Src/hal_lcd.o
 .debug_macro   0x000000000001d251       0xac Core/Src/hal_lcd.o
 .debug_macro   0x000000000001d2fd       0x46 Core/Src/hal_lcd.o
 .debug_macro   0x000000000001d343       0x18 Core/Src/hal_lcd.o
 .debug_macro   0x000000000001d35b       0x3c Core/Src/hal_lcd.o
 .debug_macro   0x000000000001d397       0x34 Core/Src/hal_lcd.o
 .debug_macro   0x000000000001d3cb       0x52 Core/Src/hal_lcd.o
 .debug_macro   0x000000000001d41d       0x1f Core/Src/hal_lcd.o
 .debug_macro   0x000000000001d43c       0x43 Core/Src/hal_lcd.o
 .debug_macro   0x000000000001d47f       0x20 Core/Src/hal_lcd.o
 .debug_macro   0x000000000001d49f      0x1a3 Core/Src/hal_lcd.o
 .debug_macro   0x000000000001d642      0x32a Core/Src/hal_lcd.o
 .debug_macro   0x000000000001d96c       0x10 Core/Src/hal_lcd.o
 .debug_macro   0x000000000001d97c       0x35 Core/Src/hal_lcd.o
 .debug_macro   0x000000000001d9b1       0x20 Core/Src/hal_lcd.o
 .debug_macro   0x000000000001d9d1      0x1dd Core/Src/main.o
 .debug_macro   0x000000000001dbae      0x1c1 Core/Src/stm32f3xx_hal_msp.o
 .debug_macro   0x000000000001dd6f      0x1cb Core/Src/stm32f3xx_it.o
 .debug_macro   0x000000000001df3a      0x1b2 Core/Src/system_stm32f3xx.o
 .debug_macro   0x000000000001e0ec      0x1d6 Drivers/STM32F3xx_HAL_Driver/Src/stm32f3xx_hal.o
 .debug_macro   0x000000000001e2c2      0x1b2 Drivers/STM32F3xx_HAL_Driver/Src/stm32f3xx_hal_cortex.o
 .debug_macro   0x000000000001e474      0x1ea Drivers/STM32F3xx_HAL_Driver/Src/stm32f3xx_hal_gpio.o
 .debug_macro   0x000000000001e65e      0x1d6 Drivers/STM32F3xx_HAL_Driver/Src/stm32f3xx_hal_rcc.o
 .debug_macro   0x000000000001e834      0x1cf Drivers/STM32F3xx_HAL_Driver/Src/stm32f3xx_hal_uart.o

.debug_line     0x0000000000000000     0x60f6
 .debug_line    0x0000000000000000      0xa53 Core/Src/hal_lcd.o
 .debug_line    0x0000000000000a53      0x750 Core/Src/main.o
 .debug_line    0x00000000000011a3      0x6dc Core/Src/stm32f3xx_hal_msp.o
 .debug_line    0x000000000000187f      0x750 Core/Src/stm32f3xx_it.o
 .debug_line    0x0000000000001fcf      0x6c9 Core/Src/system_stm32f3xx.o
 .debug_line    0x0000000000002698       0x88 Core/Startup/startup_stm32f334r8tx.o
 .debug_line    0x0000000000002720      0x887 Drivers/STM32F3xx_HAL_Driver/Src/stm32f3xx_hal.o
 .debug_line    0x0000000000002fa7      0x95e Drivers/STM32F3xx_HAL_Driver/Src/stm32f3xx_hal_cortex.o
 .debug_line    0x0000000000003905      0x826 Drivers/STM32F3xx_HAL_Driver/Src/stm32f3xx_hal_gpio.o
 .debug_line    0x000000000000412b      0xdff Drivers/STM32F3xx_HAL_Driver/Src/stm32f3xx_hal_rcc.o
 .debug_line    0x0000000000004f2a     0x11cc Drivers/STM32F3xx_HAL_Driver/Src/stm32f3xx_hal_uart.o

.debug_str      0x0000000000000000    0xb6d44
 .debug_str     0x0000000000000000    0xb4f66 Core/Src/hal_lcd.o
                                      0xb5293 (size before relaxing)
 .debug_str     0x00000000000b4f66      0x5ab Core/Src/main.o
                                      0xb2679 (size before relaxing)
 .debug_str     0x00000000000b5511       0x56 Core/Src/stm32f3xx_hal_msp.o
                                      0xb2198 (size before relaxing)
 .debug_str     0x00000000000b5567       0xbd Core/Src/stm32f3xx_it.o
                                      0xb1d3d (size before relaxing)
 .debug_str     0x00000000000b5624       0xbd Core/Src/system_stm32f3xx.o
                                      0xb1c24 (size before relaxing)
 .debug_str     0x00000000000b56e1       0x36 Core/Startup/startup_stm32f334r8tx.o
                                         0x9d (size before relaxing)
 .debug_str     0x00000000000b5717      0x5ab Drivers/STM32F3xx_HAL_Driver/Src/stm32f3xx_hal.o
                                      0xb22ea (size before relaxing)
 .debug_str     0x00000000000b5cc2      0x2a2 Drivers/STM32F3xx_HAL_Driver/Src/stm32f3xx_hal_cortex.o
                                      0xb22cb (size before relaxing)
 .debug_str     0x00000000000b5f64      0x278 Drivers/STM32F3xx_HAL_Driver/Src/stm32f3xx_hal_gpio.o
                                      0xb1efc (size before relaxing)
 .debug_str     0x00000000000b61dc      0x2f0 Drivers/STM32F3xx_HAL_Driver/Src/stm32f3xx_hal_rcc.o
                                      0xb2092 (size before relaxing)
 .debug_str     0x00000000000b64cc      0x878 Drivers/STM32F3xx_HAL_Driver/Src/stm32f3xx_hal_uart.o
                                      0xb287f (size before relaxing)

.comment        0x0000000000000000       0x7b
 .comment       0x0000000000000000       0x7b Core/Src/hal_lcd.o
                                         0x7c (size before relaxing)
 .comment       0x000000000000007b       0x7c Core/Src/main.o
 .comment       0x000000000000007b       0x7c Core/Src/stm32f3xx_hal_msp.o
 .comment       0x000000000000007b       0x7c Core/Src/stm32f3xx_it.o
 .comment       0x000000000000007b       0x7c Core/Src/system_stm32f3xx.o
 .comment       0x000000000000007b       0x7c Drivers/STM32F3xx_HAL_Driver/Src/stm32f3xx_hal.o
 .comment       0x000000000000007b       0x7c Drivers/STM32F3xx_HAL_Driver/Src/stm32f3xx_hal_cortex.o
 .comment       0x000000000000007b       0x7c Drivers/STM32F3xx_HAL_Driver/Src/stm32f3xx_hal_gpio.o
 .comment       0x000000000000007b       0x7c Drivers/STM32F3xx_HAL_Driver/Src/stm32f3xx_hal_rcc.o
 .comment       0x000000000000007b       0x7c Drivers/STM32F3xx_HAL_Driver/Src/stm32f3xx_hal_uart.o

.debug_frame    0x0000000000000000     0x1ac4
 .debug_frame   0x0000000000000000      0x34c Core/Src/hal_lcd.o
 .debug_frame   0x000000000000034c       0xb0 Core/Src/main.o
 .debug_frame   0x00000000000003fc       0x7c Core/Src/stm32f3xx_hal_msp.o
 .debug_frame   0x0000000000000478      0x10c Core/Src/stm32f3xx_it.o
 .debug_frame   0x0000000000000584       0x58 Core/Src/system_stm32f3xx.o
 .debug_frame   0x00000000000005dc      0x334 Drivers/STM32F3xx_HAL_Driver/Src/stm32f3xx_hal.o
 .debug_frame   0x0000000000000910      0x428 Drivers/STM32F3xx_HAL_Driver/Src/stm32f3xx_hal_cortex.o
 .debug_frame   0x0000000000000d38      0x14c Drivers/STM32F3xx_HAL_Driver/Src/stm32f3xx_hal_gpio.o
 .debug_frame   0x0000000000000e84      0x214 Drivers/STM32F3xx_HAL_Driver/Src/stm32f3xx_hal_rcc.o
 .debug_frame   0x0000000000001098      0x9e0 Drivers/STM32F3xx_HAL_Driver/Src/stm32f3xx_hal_uart.o
 .debug_frame   0x0000000000001a78       0x2c c:/st/stm32cubeide_1.4.0/stm32cubeide/plugins/com.st.stm32cube.ide.mcu.externaltools.gnu-tools-for-stm32.7-2018-q2-update.win32_1.4.0.202007081208/tools/bin/../lib/gcc/arm-none-eabi/7.3.1/../../../../arm-none-eabi/lib/thumb/v7e-m/fpv4-sp/hard\libc_nano.a(lib_a-init.o)
 .debug_frame   0x0000000000001aa4       0x20 c:/st/stm32cubeide_1.4.0/stm32cubeide/plugins/com.st.stm32cube.ide.mcu.externaltools.gnu-tools-for-stm32.7-2018-q2-update.win32_1.4.0.202007081208/tools/bin/../lib/gcc/arm-none-eabi/7.3.1/../../../../arm-none-eabi/lib/thumb/v7e-m/fpv4-sp/hard\libc_nano.a(lib_a-memset.o)
