hal_lcd.c:25:6:HAL_LCD_InitPins	32	static
hal_lcd.c:93:6:HAL_LCD_Send	16	static
hal_lcd.c:111:6:HAL_LCD_Write4bits	16	static
hal_lcd.c:124:6:HAL_LCD_Write8bits	16	static
hal_lcd.c:140:6:HAL_LCD_PulseEnable	8	static
hal_lcd.c:157:6:HAL_LCD_Init	16	static
hal_lcd.c:229:6:HAL_LCD_Command	16	static
hal_lcd.c:237:6:HAL_LCD_Write	16	static
hal_lcd.c:246:6:HAL_LCD_SetDotSize	16	static
hal_lcd.c:253:6:HAL_LCD_Clear	8	static
hal_lcd.c:261:6:HAL_LCD_Home	8	static
hal_lcd.c:269:6:HAL_LCD_Off	8	static
hal_lcd.c:277:6:HAL_LCD_On	8	static
hal_lcd.c:285:6:HAL_LCD_BlinkOff	8	static
hal_lcd.c:293:6:HAL_LCD_BlinkOn	8	static
hal_lcd.c:301:6:HAL_LCD_CursorOff	8	static
hal_lcd.c:309:6:HAL_LCD_CursorOn	8	static
hal_lcd.c:317:6:HAL_LCD_ScrollDisplayLeft	8	static
hal_lcd.c:324:6:HAL_LCD_ScrollDisplayRight	8	static
hal_lcd.c:331:6:HAL_LCD_LeftToRight	8	static
hal_lcd.c:339:6:HAL_LCD_RightToLeft	8	static
hal_lcd.c:347:6:HAL_LCD_AutoscrollOn	8	static
hal_lcd.c:355:6:HAL_LCD_AutoscrollOff	8	static
hal_lcd.c:367:6:HAL_LCD_SetRowOffsets	24	static
hal_lcd.c:379:6:HAL_LCD_SetCursor	24	static
hal_lcd.c:397:6:HAL_LCD_Print	32	static
